Sex,Pclass,Fare,Embarked_C,Embarked_Q,Embarked_S,Age_0-10,Age_11-18,Age_19-40,Age_41-64,Age_65+
0,3,7.25,0.0,0.0,1.0,0,0,1,0,0
1,1,71.2833,1.0,0.0,0.0,0,0,1,0,0
1,3,7.925,0.0,0.0,1.0,0,0,1,0,0
1,1,53.1,0.0,0.0,1.0,0,0,1,0,0
0,3,8.05,0.0,0.0,1.0,0,0,1,0,0
0,3,8.4583,0.0,1.0,0.0,0,0,1,0,0
